ÔÇëERRORÔÇë Unknown option: 'run'
For help, run: pnpm help test
